
# A mapping of the bass guitar fretboard (isomorphic 1/4).  Follows the
# diagonals of the computer keyboard to the left, which makes for an awkward
# hand position, but provides a straight line for the nut.

42	40	# lshift	e
44	41	# z	f
45	42	# x	f#
46	43	# c	g
47	44	# v	g#
48	45	# b	a
49	46	# n	a#
50	47	# m	b
51	48	# comma	c
52	49	# period	c#
53	50	# slash	d
54	51	# rshift	d#

58	45	# caps lock	a
30	46	# a	a#
31	47	# s	b
32	48	# d	c
33	49	# f	c#
34	50	# g	d
35	51	# h	d#
36	52	# j	e
37	53	# k	f
38	54	# l	f#
39	55	# semicolon	g
40	56	# apostrophe	g#
28	57	# enter	a

15	50	# tab	d
16	51	# q	d#
17	52	# w	e
18	53	# e	f
19	54	# r	f#
20	55	# t	g
21	56	# y	g#
22	57	# u	a
23	58	# i	a#
24	59	# o	b
25	60	# p	c
26	61	# lbracket	c#
27	62	# rbracket	d
43	63	# backslash	d#

41	55	# backtick	g
2	56	# 1	g#
3	57	# 2	a
4	58	# 3	a#
5	59	# 4	b
6	60	# 5	c
7	61	# 6	c#
8	62	# 7	d
9	63	# 8	d#
10	64	# 9	e
11	65	# 0	f
12	66	# minus	f#
13	67	# equals	g
14	68	# backspace	g#

29	shift-up-octave	# ctrl
56	shift-down-octave	# alt
59	stay-down-octave	# f1
60	stay-up-octave	# f2
61	stay-down-note	# f3
62	stay-up-note	# f4
57	panic	# space
1	exit	# esc

