
# Paul von Janko's alternative layout for the piano keyboard is based on the
# whole tone scale, and makes the positioning of intervals self-consistent
# (isomorphic 2/1).

42	58	# lshift	a#
44	60	# z	c
45	62	# x	d
46	64	# c	e
47	66	# v	f#
48	68	# b	g#
49	70	# n	a#
50	72	# m	c
51	74	# comma	d
52	76	# period	e
53	78	# slash	f#
54	80	# rshift	g#

58	57	# caps lock	a
30	59	# a	b
31	61	# s	c#
32	63	# d	d#
33	65	# f	f
34	67	# g	g
35	69	# h	a
36	71	# j	b
37	73	# k	c#
38	75	# l	d#
39	77	# semicolon	f
40	79	# apostrophe	g
28	81	# enter	a

15	56	# tab	g#
16	58	# q	a#
17	60	# w	c
18	62	# e	d
19	64	# r	e
20	66	# t	f#
21	68	# y	g#
22	70	# u	a#
23	72	# i	c
24	74	# o	d
25	76	# p	e
26	78	# lbracket	f#
27	80	# rbracket	g#
43	82	# backslash	a#

41	55	# backtick	g
2	57	# 1	a
3	59	# 2	b
4	61	# 3	c#
5	63	# 4	d#
6	65	# 5	f
7	67	# 6	g
8	69	# 7	a
9	71	# 8	b
10	73	# 9	c#
11	75	# 0	d#
12	77	# minus	f
13	79	# equals	g
14	81	# backspace	a

29	shift-up-octave	# ctrl
56	shift-down-octave	# alt
59	stay-down-octave	# f1
60	stay-up-octave	# f2
61	stay-down-note	# f3
62	stay-up-note	# f4
57	panic	# space
1	exit	# esc

