
# Brian Hayden derived a layout for the concertina (button accordion) from the
# Janko piano keyboard layout.  Decades earlier, Kaspar Wicki independently
# created the same layout for an instrument called the bandoneon.  Like the
# Janko, the Hayden consists of multiple whole-tone rows, but adjacent rows are
# offset by a fifth instead of a half step.  This is intended to make common
# chords easier to play, although I find it makes accidentals feel somewhat
# awkward.  Also, additional rows beyond the first two are used for octaves
# instead of alternate fingerings.

42	58	# lshift --> a-sharp
44	60	# z --> c
45	62	# x --> d
46	64	# c --> e
47	66	# v --> f-sharp
48	68	# b --> g-sharp
49	70	# n --> a-sharp
50	72	# m --> c
51	74	# comma --> d
52	76	# period --> e
53	78	# slash --> f-sharp
54	80	# rshift --> g-sharp

58	63	# caps lock --> d-sharp
30	65	# a --> f
31	67	# s --> g
32	69	# d --> a
33	71	# f --> b
34	73	# g --> c-sharp
35	75	# h --> d-sharp
36	77	# j --> f
37	79	# k --> g
38	81	# l --> a
39	83	# semicolon --> b
40	85	# apostrophe --> c-sharp
28	87	# enter --> d-sharp

15	68	# tab --> g-sharp
16	70	# q --> a-sharp
17	72	# w --> c
18	74	# e --> d
19	76	# r --> e
20	78	# t --> f-sharp
21	80	# y --> g-sharp
22	82	# u --> a-sharp
23	84	# i --> c
24	86	# o --> d
25	88	# p --> e
26	90	# lbracket --> f-sharp
27	92	# rbracket --> g-sharp
43	94	# backslash --> a-sharp

41	73	# backtick --> c-sharp
2	75	# 1 --> d-sharp
3	77	# 2 --> f
4	79	# 3 --> g
5	81	# 4 --> a
6	83	# 5 --> b
7	85	# 6 --> c-sharp
8	87	# 7 --> d-sharp
9	89	# 8 --> f
10	91	# 9 --> g
11	93	# 0 --> a
12	95	# minus --> b
13	97	# equals --> c-sharp
14	99	# backspace --> d-sharp

59	stay-down	# f1
60	stay-up	# f2
57	panic	# space
1	exit	# esc

