
# Richard Riday's isomorphic 1/-2 keyboard, patent 5323679

42	59	# lshift	b
44	60	# z	c
45	61	# x	c#
46	62	# c	d
47	63	# v	d#
48	64	# b	e
49	65	# n	f
50	66	# m	f#
51	67	# comma	g
52	68	# period	g#
53	69	# slash	a
54	70	# rshift	a#

58	56	# caps lock	g#
30	57	# a	a
31	58	# s	a#
32	59	# d	b
33	60	# f	c
34	61	# g	c#
35	62	# h	d
36	63	# j	d#
37	64	# k	e
38	65	# l	f
39	66	# semicolon	f#
40	67	# apostrophe	g
28	68	# enter	g#

15	53	# tab	f
16	54	# q	f#
17	55	# w	g
18	56	# e	g#
19	57	# r	a
20	58	# t	a#
21	59	# y	b
22	60	# u	c
23	61	# i	c#
24	62	# o	d
25	63	# p	d#
26	64	# lbracket	e
27	65	# rbracket	f
43	66	# backslash	f#

41	50	# backtick	d
2	51	# 1	d#
3	52	# 2	e
4	53	# 3	f
5	54	# 4	f#
6	55	# 5	g
7	56	# 6	g#
8	57	# 7	a
9	58	# 8	a#
10	59	# 9	b
11	60	# 0	c
12	61	# minus	c#
13	62	# equals	d
14	63	# backspace	d#

29	shift-up-octave	# ctrl
56	shift-down-octave	# alt
59	stay-down-octave	# f1
60	stay-up-octave	# f2
61	stay-down-note	# f3
62	stay-up-note	# f4
57	panic	# space
1	exit	# esc

